============================= test session starts =============================
platform win32 -- Python 3.11.4, pytest-9.0.1, pluggy-1.6.0 -- C:\Users\karl_\AppData\Local\Programs\Python\Python311\python.exe
cachedir: .pytest_cache
rootdir: C:\Users\karl_\Downloads\VSCODE\twitch-gpt-chat-bot
configfile: pytest.ini
plugins: langsmith-0.4.21, anyio-3.7.1, asyncio-1.3.0
asyncio: mode=Mode.AUTO, debug=False, asyncio_default_fixture_loop_scope=function, asyncio_default_test_loop_scope=function
collecting ... collected 45 items

tests/adapters/test_discord_adapter.py::test_send_message_generic PASSED [  2%]
tests/adapters/test_discord_adapter.py::test_send_message_specific_channel PASSED [  4%]
tests/adapters/test_discord_adapter.py::test_on_message PASSED           [  6%]
tests/handlers/test_analyze_handler.py::test_analyze_handler_success PASSED [  8%]
tests/handlers/test_analyze_handler.py::test_analyze_handler_with_race PASSED [ 11%]
tests/handlers/test_analyze_handler.py::test_analyze_handler_no_results PASSED [ 13%]
tests/handlers/test_career_handler.py::test_career_handler_success PASSED [ 15%]
tests/handlers/test_career_handler.py::test_career_handler_no_results PASSED [ 17%]
tests/handlers/test_comment_handler.py::test_comment_handler_success PASSED [ 20%]
tests/handlers/test_comment_handler.py::test_comment_handler_no_replay PASSED [ 22%]
tests/handlers/test_history_handler.py::test_history_handler PASSED      [ 24%]
tests/handlers/test_history_handler.py::test_history_handler_no_records PASSED [ 26%]
tests/handlers/test_wiki_handler.py::test_wiki_handler_success 

============================== warnings summary ===============================
..\..\..\AppData\Local\Programs\Python\Python311\Lib\site-packages\sc2reader\engine\plugins\creeptracker.py:13
  C:\Users\karl_\AppData\Local\Programs\Python\Python311\Lib\site-packages\sc2reader\engine\plugins\creeptracker.py:13: DeprecationWarning: ANTIALIAS is deprecated and will be removed in Pillow 10 (2023-07-01). Use LANCZOS or Resampling.LANCZOS instead.
    from PIL.Image import ANTIALIAS

-- Docs: https://docs.pytest.org/en/stable/how-to/capture-warnings.html
======================== 12 passed, 1 warning in 1.34s ========================
